MarkOS: CPU bring-up
gdt: kernel code/data + TSS loaded, IST0 reserved for double fault
idt: all CPU exception vectors handled
memory map (20 entries):
  base=0x0000000000001000 len=0x000000072000 [bootloader-reclaimable]
  base=0x0000000000073000 len=0x00000002c000 [usable]
  base=0x000000000009fc00 len=0x000000000400 [reserved]
  base=0x00000000000f0000 len=0x000000005000 [reserved]
  base=0x00000000000f5000 len=0x000000001000 [mapped-reserved]
  base=0x00000000000f6000 len=0x00000000a000 [reserved]
  base=0x0000000000100000 len=0x00007fe1f000 [usable]
  base=0x000000007ff1f000 len=0x000000004000 [bootloader-reclaimable]
  base=0x000000007ff23000 len=0x000000019000 [executable-and-modules]
  base=0x000000007ff3c000 len=0x00000000c000 [bootloader-reclaimable]
  base=0x000000007ff48000 len=0x00000001d000 [usable]
  base=0x000000007ff65000 len=0x00000007a000 [bootloader-reclaimable]
  base=0x000000007ffdf000 len=0x000000001000 [reserved]
  base=0x000000007ffe0000 len=0x000000003000 [mapped-reserved]
  base=0x000000007ffe3000 len=0x00000001d000 [reserved]
  base=0x00000000b0000000 len=0x000010000000 [reserved]
  base=0x00000000fd000000 len=0x0000003e8000 [framebuffer]
  base=0x00000000fed1c000 len=0x000000004000 [reserved]
  base=0x00000000fffc0000 len=0x000000040000 [reserved]
  base=0x000000fd00000000 len=0x000300000000 [reserved]
physmem: managing largest usable region (2046 MiB), 523791 free frames
cpu bring-up complete
selftest: frame stress (10,240 alloc/dealloc pairs)
PASS: frame stress — 10240 alloc/dealloc pairs, free count stable at 523791
qemu-system-x86_64: terminating on signal 15 from pid 75 (timeout)
